Slimmc run started at 2026-08-16T16:32:53Z
[start] run_id=A01_PLP_Buback_1996 t_end=2.00e+00 output=results
[run] event=0 t=0.00e+00/2.00e+00 0.0% conv=MMA:0.0000 wall=0.1s 2026-08-16T16:32:53Z
[run] event=66864237 t=1.00e-01/2.00e+00 5.0% conv=MMA:0.0000 wall=22.7s 2026-08-16T16:33:16Z
[run] event=143589252 t=2.00e-01/2.00e+00 10.0% conv=MMA:0.0000 wall=48.9s 2026-08-16T16:33:42Z
[run] event=220977584 t=3.00e-01/2.00e+00 15.0% conv=MMA:0.0000 wall=75.5s 2026-08-16T16:34:09Z
[run] event=298465468 t=4.00e-01/2.00e+00 20.0% conv=MMA:0.0001 wall=102.1s 2026-08-16T16:34:35Z
[run] event=376104857 t=5.00e-01/2.00e+00 25.0% conv=MMA:0.0001 wall=128.8s 2026-08-16T16:35:02Z
[run] event=453516410 t=6.00e-01/2.00e+00 30.0% conv=MMA:0.0001 wall=155.3s 2026-08-16T16:35:28Z
[run] event=530916300 t=7.00e-01/2.00e+00 35.0% conv=MMA:0.0001 wall=181.9s 2026-08-16T16:35:55Z
[run] event=608356934 t=8.00e-01/2.00e+00 40.0% conv=MMA:0.0001 wall=208.5s 2026-08-16T16:36:22Z
[run] event=685727049 t=9.00e-01/2.00e+00 45.0% conv=MMA:0.0001 wall=235.1s 2026-08-16T16:36:48Z
[run] event=763156734 t=1.00e+00/2.00e+00 50.0% conv=MMA:0.0001 wall=261.8s 2026-08-16T16:37:15Z
[run] event=840605993 t=1.10e+00/2.00e+00 55.0% conv=MMA:0.0002 wall=288.5s 2026-08-16T16:37:42Z
[run] event=917938732 t=1.20e+00/2.00e+00 60.0% conv=MMA:0.0002 wall=315.2s 2026-08-16T16:38:08Z
[run] event=995302509 t=1.30e+00/2.00e+00 65.0% conv=MMA:0.0002 wall=341.8s 2026-08-16T16:38:35Z
[run] event=1072634568 t=1.40e+00/2.00e+00 70.0% conv=MMA:0.0002 wall=368.5s 2026-08-16T16:39:02Z
[run] event=1150019693 t=1.50e+00/2.00e+00 75.0% conv=MMA:0.0002 wall=395.3s 2026-08-16T16:39:28Z
[run] event=1227594579 t=1.60e+00/2.00e+00 80.0% conv=MMA:0.0002 wall=422.1s 2026-08-16T16:39:55Z
[run] event=1304935949 t=1.70e+00/2.00e+00 85.0% conv=MMA:0.0002 wall=448.9s 2026-08-16T16:40:22Z
[run] event=1382205351 t=1.80e+00/2.00e+00 90.0% conv=MMA:0.0002 wall=475.6s 2026-08-16T16:40:49Z
[run] event=1459543394 t=1.90e+00/2.00e+00 95.0% conv=MMA:0.0003 wall=502.4s 2026-08-16T16:41:15Z
[run] event=1537008650 t=2.00e+00/2.00e+00 100.0% conv=MMA:0.0003 wall=529.3s 2026-08-16T16:41:42Z
[done] event=1537008650 t=2.0 reason=t_end wall=529.2865197658539s
